node.exe : FAIL 
__tests__/unit/pages/Header.test.tsx 
(5.368 s)
At C:\Program 
Files\nodejs\npx.ps1:29 char:3
+   & $NODE_EXE $NPX_CLI_JS $args
+   ~~~~~~~~~~~~~~~~~~~~~~~~~~~~~
    + CategoryInfo          : NotSpe 
   cified: (FAIL __tests__/...t.tsx  
   (5.368 s):String) [], RemoteExc   
 eption
    + FullyQualifiedErrorId : Native 
   CommandError
 
  Header Component
    Basic Rendering
      ΓêÜ renders successfully with 
GitHub auth enabled (184 ms)
      ΓêÜ renders successfully with 
GitHub auth disabled (65 ms)
    Logo and Branding
      ΓêÜ renders logo with correct 
attributes (57 ms)
      ΓêÜ renders logo_dark.png 
image in both desktop and mobile 
header (34 ms)
      ΓêÜ renders Nest text branding 
(25 ms)
      ΓêÜ logo link navigates to 
home page (64 ms)
    Navigation Links
      ΓêÜ renders all header links 
on desktop (98 ms)
      ΓêÜ applies active styling to 
current page link (49 ms)
    Mobile Menu Functionality
      ΓêÜ renders mobile menu toggle 
button (57 ms)
      ├ù opens mobile menu when 
toggle button is clicked (136 ms)
      ├ù closes mobile menu when 
toggle button is clicked again (80 
ms)
      ΓêÜ shows hamburger icon when 
menu is closed (27 ms)
      ΓêÜ shows close icon when menu 
is open (34 ms)
      ├ù closes mobile menu when 
logo is clicked (43 ms)
      ├ù closes mobile menu when 
desktop logo is clicked (35 ms)
    Mobile Menu Content
      ΓêÜ renders navigation links 
in mobile menu (42 ms)
      ΓêÜ renders NavButtons with 
correct text in mobile menu (52 ms)
      ΓêÜ renders submenu items 
correctly in mobile menu (36 ms)
    Component Integration
      ΓêÜ renders UserMenu component 
(21 ms)
      ΓêÜ renders ModeToggle 
component (25 ms)
      ΓêÜ renders NavButton 
components with correct props (33 ms)
      ΓêÜ renders NavDropdown for 
submenu items (49 ms)
    Event Handling and Lifecycle
      ΓêÜ sets up resize event 
listener on mount (55 ms)
      ΓêÜ sets up click event 
listener on mount (67 ms)
      ΓêÜ handles window resize 
events (63 ms)
      ΓêÜ handles outside click 
correctly (71 ms)
    Accessibility
      ΓêÜ has proper banner role (50 
ms)
      ΓêÜ has screen reader text for 
mobile menu button (43 ms)
      ΓêÜ has proper alt text for 
logo images (34 ms)
      ΓêÜ has proper aria-current 
attribute on active links (45 ms)
    Styling and CSS Classes
      ΓêÜ applies correct header 
structure (25 ms)
      ├ù mobile menu starts closed 
(40 ms)
      ├ù mobile menu opens when 
toggled (42 ms)
    Prop-based Behavior
      ΓêÜ passes isGitHubAuthEnabled 
prop to UserMenu correctly when true 
(20 ms)
      ΓêÜ passes isGitHubAuthEnabled 
prop to UserMenu correctly when 
false (19 ms)
    Edge Cases and Error Handling
      ΓêÜ handles undefined pathname 
gracefully (32 ms)
      ΓêÜ handles missing 
headerLinks gracefully (17 ms)
      ΓêÜ handles multiple rapid 
toggle clicks (40 ms)
    State Management
      ├ù initializes with mobile 
menu closed (24 ms)
      ├ù toggles mobile menu state 
correctly (50 ms)
    Content Rendering
      ΓêÜ renders all expected text 
content (45 ms)
      ΓêÜ renders navigation buttons 
with correct text (36 ms)
    Responsive Behavior
      ΓêÜ has proper responsive 
navigation structure (44 ms)
      ΓêÜ shows mobile menu button 
for mobile screens (26 ms)
    Integration with Next.js
      ΓêÜ renders Next.js Image 
component correctly (43 ms)
      ΓêÜ renders Next.js Link 
components correctly (59 ms)
      ΓêÜ integrates with Next.js 
routing via usePathname (57 ms)
    Resize Handler
      ├ù closes mobile menu when 
window resizes to desktop width (49 
ms)
      ├ù does not close mobile menu 
when window resizes but stays below 
desktop width (41 ms)
    Outside Click Handler
      ├ù closes mobile menu when 
clicking outside navbar and sidebar 
(64 ms)
      ├ù sets up click handler for 
outside clicks (62 ms)
      ├ù does not close mobile menu 
when clicking inside navbar (53 ms)
      ├ù does not close mobile menu 
when clicking inside sidebar (64 ms)
      ├ù does not close menu when 
mobile menu is already closed (21 ms)
    GitHub Auth Filtering
      ΓêÜ shows Dashboard link when 
GitHub auth is enabled (39 ms)
      ΓêÜ hides Dashboard link when 
GitHub auth is disabled (56 ms)
      ΓêÜ shows regular links 
regardless of auth state when 
enabled (58 ms)
      ΓêÜ shows regular links 
regardless of auth state when 
disabled (36 ms)
      ΓêÜ filters Dashboard link in 
both desktop and mobile views when 
auth is disabled (43 ms)
      ΓêÜ shows Dashboard link in 
both desktop and mobile views when 
auth is enabled (64 ms)
    Event Listener Cleanup
      ΓêÜ removes event listeners on 
unmount (26 ms)
    Mobile Menu Link Clicks
      ├ù closes mobile menu when 
clicking a navigation link (50 ms)
      ├ù renders submenu links in 
mobile menu (46 ms)
    Mobile Menu Aria Attributes
      ├ù has proper aria-expanded 
attribute when menu is closed (35 ms)
      ├ù verifies menu state changes 
correctly (42 ms)
    Active Submenu Link Styling
      ΓêÜ applies active styling to 
current submenu link (82 ms)

  ΓùÅ Header Component ΓÇ║ Mobile 
Menu Functionality ΓÇ║ opens mobile 
menu when toggle button is clicked

    expect(received).toBe(expected) 
// Object.is equality

    Expected: true
    Received: false

    [0m [90m 337 |[39m       })
     [90m 338 |[39m
    [31m[1m>[22m[39m[90m 339 
|[39m       expect(isMobileMenuOpen(
))[33m.[39mtoBe([36mtrue[39m)
     [90m     |[39m                
                  
[31m[1m^[22m[39m
     [90m 340 |[39m     })
     [90m 341 |[39m
     [90m 342 |[39m     
it([32m'closes mobile menu when 
toggle button is clicked 
again'[39m[33m,[39m 
[36masync[39m () [33m=>[39m {[0m

      at Object.<anonymous> (__tests_
_/unit/pages/Header.test.tsx:339:34)

  ΓùÅ Header Component ΓÇ║ Mobile 
Menu Functionality ΓÇ║ closes mobile 
menu when toggle button is clicked 
again

    expect(received).toBe(expected) 
// Object.is equality

    Expected: true
    Received: false

    [0m [90m 355 |[39m       })
     [90m 356 |[39m
    [31m[1m>[22m[39m[90m 357 
|[39m       expect(isMobileMenuClose
d())[33m.[39mtoBe([36mtrue[39m)
     [90m     |[39m                
                    
[31m[1m^[22m[39m
     [90m 358 |[39m     })
     [90m 359 |[39m
     [90m 360 |[39m     
it([32m'shows hamburger icon when 
menu is closed'[39m[33m,[39m () 
[33m=>[39m {[0m

      at Object.<anonymous> (__tests_
_/unit/pages/Header.test.tsx:357:36)

  ΓùÅ Header Component ΓÇ║ Mobile 
Menu Functionality ΓÇ║ closes mobile 
menu when logo is clicked

    expect(received).toBe(expected) 
// Object.is equality

    Expected: true
    Received: false

    [0m [90m 393 |[39m       })
     [90m 394 |[39m
    [31m[1m>[22m[39m[90m 395 
|[39m       expect(isMobileMenuOpen(
))[33m.[39mtoBe([36mtrue[39m)
     [90m     |[39m                
                  
[31m[1m^[22m[39m
     [90m 396 |[39m
     [90m 397 |[39m       [90m// 
Find and click the logo link in 
mobile menu[39m
     [90m 398 |[39m       
[36mconst[39m mobileMenu 
[33m=[39m findMobileMenu() 
[36mas[39m 
[33mHTMLElement[39m[0m

      at Object.<anonymous> (__tests_
_/unit/pages/Header.test.tsx:395:34)

  ΓùÅ Header Component ΓÇ║ Mobile 
Menu Functionality ΓÇ║ closes mobile 
menu when desktop logo is clicked

    expect(received).toBe(expected) 
// Object.is equality

    Expected: true
    Received: false

    [0m [90m 420 |[39m       })
     [90m 421 |[39m
    [31m[1m>[22m[39m[90m 422 
|[39m       expect(isMobileMenuOpen(
))[33m.[39mtoBe([36mtrue[39m)
     [90m     |[39m                
                  
[31m[1m^[22m[39m
     [90m 423 |[39m
     [90m 424 |[39m       
[36mconst[39m navbar [33m=[39m do
cument[33m.[39mgetElementById([32m
'navbar-sticky'[39m)
     [90m 425 |[39m       expect(na
vbar)[33m.[39mtoBeInTheDocument()[
0m

      at Object.<anonymous> (__tests_
_/unit/pages/Header.test.tsx:422:34)

  ΓùÅ Header Component ΓÇ║ Styling 
and CSS Classes ΓÇ║ mobile menu 
starts closed

    expect(received).toBe(expected) 
// Object.is equality

    Expected: true
    Received: false

    [0m [90m 592 |[39m       rende
rWithSession([33m<[39m[33mHeader[
39m isGitHubAuthEnabled 
[33m/[39m[33m>[39m)
     [90m 593 |[39m
    [31m[1m>[22m[39m[90m 594 
|[39m       expect(isMobileMenuClose
d())[33m.[39mtoBe([36mtrue[39m)
     [90m     |[39m                
                    
[31m[1m^[22m[39m
     [90m 595 |[39m     })
     [90m 596 |[39m
     [90m 597 |[39m     
it([32m'mobile menu opens when 
toggled'[39m[33m,[39m 
[36masync[39m () [33m=>[39m {[0m

      at Object.<anonymous> (__tests_
_/unit/pages/Header.test.tsx:594:36)

  ΓùÅ Header Component ΓÇ║ Styling 
and CSS Classes ΓÇ║ mobile menu 
opens when toggled

    expect(received).toBe(expected) 
// Object.is equality

    Expected: true
    Received: false

    [0m [90m 603 |[39m       })
     [90m 604 |[39m
    [31m[1m>[22m[39m[90m 605 
|[39m       expect(isMobileMenuOpen(
))[33m.[39mtoBe([36mtrue[39m)
     [90m     |[39m                
                  
[31m[1m^[22m[39m
     [90m 606 |[39m     })
     [90m 607 |[39m   })
     [90m 608 |[39m[0m

      at Object.<anonymous> (__tests_
_/unit/pages/Header.test.tsx:605:34)

  ΓùÅ Header Component ΓÇ║ State 
Management ΓÇ║ initializes with 
mobile menu closed

    expect(received).toBe(expected) 
// Object.is equality

    Expected: true
    Received: false

    [0m [90m 661 |[39m       rende
rWithSession([33m<[39m[33mHeader[
39m isGitHubAuthEnabled 
[33m/[39m[33m>[39m)
     [90m 662 |[39m
    [31m[1m>[22m[39m[90m 663 
|[39m       expect(isMobileMenuClose
d())[33m.[39mtoBe([36mtrue[39m)
     [90m     |[39m                
                    
[31m[1m^[22m[39m
     [90m 664 |[39m     })
     [90m 665 |[39m
     [90m 666 |[39m     
it([32m'toggles mobile menu state 
correctly'[39m[33m,[39m 
[36masync[39m () [33m=>[39m {[0m

      at Object.<anonymous> (__tests_
_/unit/pages/Header.test.tsx:663:36)

  ΓùÅ Header Component ΓÇ║ State 
Management ΓÇ║ toggles mobile menu 
state correctly

    expect(received).toBe(expected) 
// Object.is equality

    Expected: true
    Received: false

    [0m [90m 670 |[39m
     [90m 671 |[39m       [90m// 
Initially closed[39m
    [31m[1m>[22m[39m[90m 672 
|[39m       expect(isMobileMenuClose
d())[33m.[39mtoBe([36mtrue[39m)
     [90m     |[39m                
                    
[31m[1m^[22m[39m
     [90m 673 |[39m
     [90m 674 |[39m       [90m// 
Open[39m
     [90m 675 |[39m       
[36mawait[39m act([36masync[39m 
() [33m=>[39m {[0m

      at Object.<anonymous> (__tests_
_/unit/pages/Header.test.tsx:672:36)

  ΓùÅ Header Component ΓÇ║ Resize 
Handler ΓÇ║ closes mobile menu when 
window resizes to desktop width

    expect(received).toBe(expected) 
// Object.is equality

    Expected: true
    Received: false

    [0m [90m 791 |[39m       })
     [90m 792 |[39m
    [31m[1m>[22m[39m[90m 793 
|[39m       expect(isMobileMenuOpen(
))[33m.[39mtoBe([36mtrue[39m)
     [90m     |[39m                
                  
[31m[1m^[22m[39m
     [90m 794 |[39m
     [90m 795 |[39m       [90m// 
Simulate resize to desktop width[39m
     [90m 796 |[39m       [33mObje
ct[39m[33m.[39mdefineProperty(glob
alThis[33m,[39m 
[32m'innerWidth'[39m[33m,[39m 
{[0m

      at Object.<anonymous> (__tests_
_/unit/pages/Header.test.tsx:793:34)

  ΓùÅ Header Component ΓÇ║ Resize 
Handler ΓÇ║ does not close mobile 
menu when window resizes but stays 
below desktop width

    expect(received).toBe(expected) 
// Object.is equality

    Expected: true
    Received: false

    [0m [90m 831 |[39m       })
     [90m 832 |[39m
    [31m[1m>[22m[39m[90m 833 
|[39m       expect(isMobileMenuOpen(
))[33m.[39mtoBe([36mtrue[39m)
     [90m     |[39m                
                  
[31m[1m^[22m[39m
     [90m 834 |[39m
     [90m 835 |[39m       [90m// 
Simulate resize but still below 
desktop width[39m
     [90m 836 |[39m       [33mObje
ct[39m[33m.[39mdefineProperty(glob
alThis[33m,[39m 
[32m'innerWidth'[39m[33m,[39m 
{[0m

      at Object.<anonymous> (__tests_
_/unit/pages/Header.test.tsx:833:34)

  ΓùÅ Header Component ΓÇ║ Outside 
Click Handler ΓÇ║ closes mobile menu 
when clicking outside navbar and 
sidebar

    expect(received).toBe(expected) 
// Object.is equality

    Expected: true
    Received: undefined

    [0m [90m 874 |[39m       
[90m// Check that menu is open[39m
     [90m 875 |[39m       
[36mconst[39m menu [33m=[39m 
findMobileMenu()
    [31m[1m>[22m[39m[90m 876 
|[39m       expect(menu[33m?[39m[
33m.[39mclassName[33m.[39mincludes
([32m'translate-x-0'[39m))[33m.[3
9mtoBe([36mtrue[39m)
     [90m     |[39m                
                                     
    [31m[1m^[22m[39m
     [90m 877 |[39m
     [90m 878 |[39m       [90m// 
Get the LATEST click handler 
(registered after menu opened)[39m
     [90m 879 |[39m       
[36mconst[39m latestClickHandler 
[33m=[39m clickHandlers[33m.[39ma
t([33m-[39m[35m1[39m)[0m

      at Object.<anonymous> (__tests_
_/unit/pages/Header.test.tsx:876:57)

  ΓùÅ Header Component ΓÇ║ Outside 
Click Handler ΓÇ║ sets up click 
handler for outside clicks

    expect(received).toBe(expected) 
// Object.is equality

    Expected: true
    Received: false

    [0m [90m 906 |[39m       })
     [90m 907 |[39m
    [31m[1m>[22m[39m[90m 908 
|[39m       expect(isMobileMenuOpen(
))[33m.[39mtoBe([36mtrue[39m)
     [90m     |[39m                
                  
[31m[1m^[22m[39m
     [90m 909 |[39m
     [90m 910 |[39m       [90m// 
Verify the click handler is 
registered[39m
     [90m 911 |[39m       
[36mconst[39m clickCall 
[33m=[39m addEventListenerSpy[33m.
[39mmock[33m.[39mcalls[33m.[39mf
ind((call) [33m=>[39m 
call[[35m0[39m] [33m===[39m 
[32m'click'[39m)[0m

      at Object.<anonymous> (__tests_
_/unit/pages/Header.test.tsx:908:34)

  ΓùÅ Header Component ΓÇ║ Outside 
Click Handler ΓÇ║ does not close 
mobile menu when clicking inside 
navbar

    expect(received).toBe(expected) 
// Object.is equality

    Expected: true
    Received: false

    [0m [90m 926 |[39m       })
     [90m 927 |[39m
    [31m[1m>[22m[39m[90m 928 
|[39m       expect(isMobileMenuOpen(
))[33m.[39mtoBe([36mtrue[39m)
     [90m     |[39m                
                  
[31m[1m^[22m[39m
     [90m 929 |[39m
     [90m 930 |[39m       [90m// 
Get the click handler[39m
     [90m 931 |[39m       
[36mconst[39m clickCall 
[33m=[39m addEventListenerSpy[33m.
[39mmock[33m.[39mcalls[33m.[39mf
ind((call) [33m=>[39m 
call[[35m0[39m] [33m===[39m 
[32m'click'[39m)[0m

      at Object.<anonymous> (__tests_
_/unit/pages/Header.test.tsx:928:34)

  ΓùÅ Header Component ΓÇ║ Outside 
Click Handler ΓÇ║ does not close 
mobile menu when clicking inside 
sidebar

    expect(received).toBe(expected) 
// Object.is equality

    Expected: true
    Received: false

    [0m [90m 957 |[39m       })
     [90m 958 |[39m
    [31m[1m>[22m[39m[90m 959 
|[39m       expect(isMobileMenuOpen(
))[33m.[39mtoBe([36mtrue[39m)
     [90m     |[39m                
                  
[31m[1m^[22m[39m
     [90m 960 |[39m
     [90m 961 |[39m       [90m// 
Get the click handler[39m
     [90m 962 |[39m       
[36mconst[39m clickCall 
[33m=[39m addEventListenerSpy[33m.
[39mmock[33m.[39mcalls[33m.[39mf
ind((call) [33m=>[39m 
call[[35m0[39m] [33m===[39m 
[32m'click'[39m)[0m

      at Object.<anonymous> (__tests_
_/unit/pages/Header.test.tsx:959:34)

  ΓùÅ Header Component ΓÇ║ Outside 
Click Handler ΓÇ║ does not close 
menu when mobile menu is already 
closed

    expect(received).toBe(expected) 
// Object.is equality

    Expected: true
    Received: false

    [0m [90m 983 |[39m
     [90m 984 |[39m       [90m// 
Don't open mobile menu - it starts 
closed[39m
    [31m[1m>[22m[39m[90m 985 
|[39m       expect(isMobileMenuClose
d())[33m.[39mtoBe([36mtrue[39m)
     [90m     |[39m                
                    
[31m[1m^[22m[39m
     [90m 986 |[39m
     [90m 987 |[39m       [90m// 
Get the click handler[39m
     [90m 988 |[39m       
[36mconst[39m clickCall 
[33m=[39m addEventListenerSpy[33m.
[39mmock[33m.[39mcalls[33m.[39mf
ind((call) [33m=>[39m 
call[[35m0[39m] [33m===[39m 
[32m'click'[39m)[0m

      at Object.<anonymous> (__tests_
_/unit/pages/Header.test.tsx:985:36)

  ΓùÅ Header Component ΓÇ║ Mobile 
Menu Link Clicks ΓÇ║ closes mobile 
menu when clicking a navigation link

    expect(received).toBe(expected) 
// Object.is equality

    Expected: true
    Received: false

    [0m [90m 1102 |[39m       })
     [90m 1103 |[39m
    [31m[1m>[22m[39m[90m 1104 
|[39m       expect(isMobileMenuOpen(
))[33m.[39mtoBe([36mtrue[39m)
     [90m      |[39m               
                   
[31m[1m^[22m[39m
     [90m 1105 |[39m
     [90m 1106 |[39m       [90m// 
Find and click a navigation link in 
the mobile menu[39m
     [90m 1107 |[39m       
[36mconst[39m aboutLinks 
[33m=[39m screen[33m.[39mgetAllBy
Role([32m'link'[39m[33m,[39m { 
name[33m:[39m [32m'About'[39m 
})[0m

      at Object.<anonymous> (__tests_
_/unit/pages/Header.test.tsx:1104:34)

  ΓùÅ Header Component ΓÇ║ Mobile 
Menu Link Clicks ΓÇ║ renders submenu 
links in mobile menu

    expect(received).toBe(expected) 
// Object.is equality

    Expected: true
    Received: false

    [0m [90m 1131 |[39m       })
     [90m 1132 |[39m
    [31m[1m>[22m[39m[90m 1133 
|[39m       expect(isMobileMenuOpen(
))[33m.[39mtoBe([36mtrue[39m)
     [90m      |[39m               
                   
[31m[1m^[22m[39m
     [90m 1134 |[39m
     [90m 1135 |[39m       [90m// 
Find submenu links in the mobile 
menu[39m
     [90m 1136 |[39m       
[36mconst[39m submenuLinks 
[33m=[39m screen[33m.[39mgetAllBy
Role([32m'link'[39m[33m,[39m { 
name[33m:[39m [32m'Web 
Development'[39m })[0m

      at Object.<anonymous> (__tests_
_/unit/pages/Header.test.tsx:1133:34)

  ΓùÅ Header Component ΓÇ║ Mobile 
Menu Aria Attributes ΓÇ║ has proper 
aria-expanded attribute when menu is 
closed

    expect(received).not.toBeNull()

    Received: null

    [0m [90m 1151 |[39m       
[36mconst[39m menu [33m=[39m 
findMobileMenu()
     [90m 1152 |[39m       [90m// 
Check the menu exists and verify its 
state[39m
    [31m[1m>[22m[39m[90m 1153 
|[39m       expect(menu)[33m.[39mn
ot[33m.[39mtoBeNull()
     [90m      |[39m               
         [31m[1m^[22m[39m
     [90m 1154 |[39m       expect(i
sMobileMenuClosed())[33m.[39mtoBe(
[36mtrue[39m)
     [90m 1155 |[39m     })
     [90m 1156 |[39m[0m

      at Object.<anonymous> (__tests_
_/unit/pages/Header.test.tsx:1153:24)

  ΓùÅ Header Component ΓÇ║ Mobile 
Menu Aria Attributes ΓÇ║ verifies 
menu state changes correctly

    expect(received).toBe(expected) 
// Object.is equality

    Expected: true
    Received: false

    [0m [90m 1161 |[39m
     [90m 1162 |[39m       [90m// 
Initially closed[39m
    [31m[1m>[22m[39m[90m 1163 
|[39m       expect(isMobileMenuClose
d())[33m.[39mtoBe([36mtrue[39m)
     [90m      |[39m               
                     
[31m[1m^[22m[39m
     [90m 1164 |[39m
     [90m 1165 |[39m       
[36mawait[39m act([36masync[39m 
() [33m=>[39m {
     [90m 1166 |[39m         fireEv
ent[33m.[39mclick(toggleButton)[0m

      at Object.<anonymous> (__tests_
_/unit/pages/Header.test.tsx:1163:36)

Test Suites: 1 failed, 1 total
Tests:       19 failed, 47 passed, 
66 total
Snapshots:   0 total
Time:        9.89 s, estimated 18 s
Ran all test suites matching 
__tests__/unit/pages/Header.test.tsx.
